node:internal/modules/package_json_reader:301
  throw new ERR_MODULE_NOT_FOUND(packageName, fileURLToPath(base), null);
        ^

Error [ERR_MODULE_NOT_FOUND]: Cannot find package 'axios' imported from /Users/mollymayer/.gemini/antigravity/scratch/life-architect/backend/e2e_test.js
    at Object.getPackageJSONURL (node:internal/modules/package_json_reader:301:9)
    at packageResolve (node:internal/modules/esm/resolve:764:81)
    at moduleResolve (node:internal/modules/esm/resolve:855:18)
    at defaultResolve (node:internal/modules/esm/resolve:988:11)
    at #cachedDefaultResolve (node:internal/modules/esm/loader:697:20)
    at #resolveAndMaybeBlockOnLoaderThread (node:internal/modules/esm/loader:714:38)
    at ModuleLoader.resolveSync (node:internal/modules/esm/loader:746:52)
    at #resolve (node:internal/modules/esm/loader:679:17)
    at ModuleLoader.getOrCreateModuleJob (node:internal/modules/esm/loader:599:35)
    at ModuleJob.syncLink (node:internal/modules/esm/module_job:160:33) {
  code: 'ERR_MODULE_NOT_FOUND'
}

Node.js v25.8.1
